============================================================
🔍 대시보드 심층 검증
============================================================

[1] 페이지 로드 중...

✅ 데이터 로드: 485명
   TYPE-1: 153명
   TYPE-2: 291명
   5PRS 데이터: 93명
   요약 테이블: 4행

[2] 탭 전환 테스트...
✅ Position 탭: 70 글자
   View 버튼: 0개
✅ Detail 탭: 0명 표시

[3] 언어 변경 테스트...
✅ 영어 변경 성공
✅ 한국어 복원

[4] JavaScript 에러: 8개
   - Error in generateEmployeeTable: TypeError: Cannot set properties of null (setting 'innerHTML')
    a
   - Error in updatePositionFilter: TypeError: Cannot read properties of null (reading 'value')
    at up
   - Cannot set properties of null (setting 'textContent')

============================================================
📊 검증 결과:
점수: 4/5
⚠️ 일부 기능 수정 필요

브라우저를 15초간 열어둡니다...
